[2026-06-10 21:56:16] α╣äα╕íα╣êα╕íα╕╡α╕¡α╕╡α╣Çα╕íα╕Ñα╕ùα╕╡α╣êα╕òα╣ëα╕¡α╕çα╕¬α╣êα╕ç
[2026-06-10 22:01:16] α╣äα╕íα╣êα╕íα╕╡α╕¡α╕╡α╣Çα╕íα╕Ñα╕ùα╕╡α╣êα╕òα╣ëα╕¡α╕çα╕¬α╣êα╕ç
[2026-06-10 22:45:48] Scheduled worker started
No pending emails to send.

Summary: processed 0, sent 0, failed 0, still pending 0
[2026-06-10 22:45:48] Scheduled worker finished
Sent: jirawut120300@gmail.com

Summary: processed 1, sent 1, failed 0, still pending 0
[2026-06-10 22:47:02] Scheduled worker started
No pending emails to send.

Summary: processed 0, sent 0, failed 0, still pending 0
[2026-06-10 22:47:02] Scheduled worker finished
[2026-06-10 22:48:03] Scheduled worker started
No pending emails to send.

Summary: processed 0, sent 0, failed 0, still pending 0
[2026-06-10 22:48:03] Scheduled worker finished
[2026-06-10 22:49:03] Scheduled worker started
No pending emails to send.

Summary: processed 0, sent 0, failed 0, still pending 0
[2026-06-10 22:49:03] Scheduled worker finished
[2026-06-10 22:50:03] Scheduled worker started
No pending emails to send.

Summary: processed 0, sent 0, failed 0, still pending 0
[2026-06-10 22:50:03] Scheduled worker finished
[2026-06-10 22:51:03] Scheduled worker started
No pending emails to send.

Summary: processed 0, sent 0, failed 0, still pending 0
[2026-06-10 22:51:03] Scheduled worker finished
[2026-06-10 22:52:03] Scheduled worker started
No pending emails to send.

Summary: processed 0, sent 0, failed 0, still pending 0
[2026-06-10 22:52:03] Scheduled worker finished
[2026-06-10 22:53:03] Scheduled worker started
No pending emails to send.

Summary: processed 0, sent 0, failed 0, still pending 0
[2026-06-10 22:53:03] Scheduled worker finished
[2026-06-10 22:54:03] Scheduled worker started
No pending emails to send.

Summary: processed 0, sent 0, failed 0, still pending 0
[2026-06-10 22:54:03] Scheduled worker finished
[2026-06-10 22:55:03] Scheduled worker started
No pending emails to send.

Summary: processed 0, sent 0, failed 0, still pending 0
[2026-06-10 22:55:03] Scheduled worker finished
[2026-06-10 22:56:03] Scheduled worker started
No pending emails to send.

Summary: processed 0, sent 0, failed 0, still pending 0
[2026-06-10 22:56:03] Scheduled worker finished
[2026-06-10 22:57:03] Scheduled worker started
No pending emails to send.

Summary: processed 0, sent 0, failed 0, still pending 0
[2026-06-10 22:57:03] Scheduled worker finished
[2026-06-10 22:58:03] Scheduled worker started
No pending emails to send.

Summary: processed 0, sent 0, failed 0, still pending 0
[2026-06-10 22:58:03] Scheduled worker finished
[2026-06-10 22:59:02] Scheduled worker started
No pending emails to send.

Summary: processed 0, sent 0, failed 0, still pending 0
[2026-06-10 22:59:02] Scheduled worker finished
[2026-06-10 23:00:03] Scheduled worker started
No pending emails to send.

Summary: processed 0, sent 0, failed 0, still pending 0
[2026-06-10 23:00:03] Scheduled worker finished
[2026-06-10 23:01:03] Scheduled worker started
No pending emails to send.

Summary: processed 0, sent 0, failed 0, still pending 0
[2026-06-10 23:01:03] Scheduled worker finished
[2026-06-10 23:02:02] Scheduled worker started
No pending emails to send.

Summary: processed 0, sent 0, failed 0, still pending 0
[2026-06-10 23:02:02] Scheduled worker finished
[2026-06-10 23:03:03] Scheduled worker started
No pending emails to send.

Summary: processed 0, sent 0, failed 0, still pending 0
[2026-06-10 23:03:03] Scheduled worker finished
[2026-06-10 23:03:15] No pending emails to send.  Summary: processed 0, sent 0, failed 0, still pending 0
[2026-06-10 23:04:02] Scheduled worker started
No pending emails to send.

Summary: processed 0, sent 0, failed 0, still pending 0
[2026-06-10 23:04:02] Scheduled worker finished
Sent: jirawut120300@gmail.com

Summary: processed 1, sent 1, failed 0, still pending 0
[2026-06-10 23:05:03] Scheduled worker started
No pending emails to send.

Summary: processed 0, sent 0, failed 0, still pending 0
[2026-06-10 23:05:03] Scheduled worker finished
[2026-06-10 23:06:03] Scheduled worker started
No pending emails to send.

Summary: processed 0, sent 0, failed 0, still pending 0
[2026-06-10 23:06:03] Scheduled worker finished
[2026-06-10 23:07:03] Scheduled worker started
No pending emails to send.

Summary: processed 0, sent 0, failed 0, still pending 0
[2026-06-10 23:07:03] Scheduled worker finished
Sent: jirawut120300@gmail.com

Summary: processed 1, sent 1, failed 0, still pending 0
[2026-06-10 23:08:03] Scheduled worker started
No pending emails to send.

Summary: processed 0, sent 0, failed 0, still pending 0
[2026-06-10 23:08:03] Scheduled worker finished
[2026-06-10 23:08:16] No pending emails to send.  Summary: processed 0, sent 0, failed 0, still pending 0
[2026-06-10 23:09:03] Scheduled worker started
No pending emails to send.

Summary: processed 0, sent 0, failed 0, still pending 0
[2026-06-10 23:09:03] Scheduled worker finished
Sent: jirawut120300@gmail.com

Summary: processed 1, sent 1, failed 0, still pending 0
[2026-06-10 23:10:03] Scheduled worker started
No pending emails to send.

Summary: processed 0, sent 0, failed 0, still pending 0
[2026-06-10 23:10:03] Scheduled worker finished
[2026-06-10 23:11:03] Scheduled worker started
No pending emails to send.

Summary: processed 0, sent 0, failed 0, still pending 0
[2026-06-10 23:11:03] Scheduled worker finished
Sent: jirawut120300@gmail.com

Summary: processed 1, sent 1, failed 0, still pending 0
[2026-06-10 23:12:02] Scheduled worker started
No pending emails to send.

Summary: processed 0, sent 0, failed 0, still pending 0
[2026-06-10 23:12:02] Scheduled worker finished
[2026-06-10 23:13:02] Scheduled worker started
No pending emails to send.

Summary: processed 0, sent 0, failed 0, still pending 0
[2026-06-10 23:13:02] Scheduled worker finished
[2026-06-10 23:14:02] Scheduled worker started
No pending emails to send.

Summary: processed 0, sent 0, failed 0, still pending 0
[2026-06-10 23:14:02] Scheduled worker finished
[2026-06-10 23:15:02] Scheduled worker started
No pending emails to send.

Summary: processed 0, sent 0, failed 0, still pending 0
[2026-06-10 23:15:02] Scheduled worker finished
[2026-06-10 23:16:03] Scheduled worker started
No pending emails to send.

Summary: processed 0, sent 0, failed 0, still pending 0
[2026-06-10 23:16:03] Scheduled worker finished
[2026-06-10 23:17:02] Scheduled worker started
No pending emails to send.

Summary: processed 0, sent 0, failed 0, still pending 0
[2026-06-10 23:17:02] Scheduled worker finished
[2026-06-10 23:18:03] Scheduled worker started
No pending emails to send.

Summary: processed 0, sent 0, failed 0, still pending 0
[2026-06-10 23:18:03] Scheduled worker finished
[2026-06-10 23:19:03] Scheduled worker started
No pending emails to send.

Summary: processed 0, sent 0, failed 0, still pending 0
[2026-06-10 23:19:03] Scheduled worker finished
[2026-06-10 23:20:02] Scheduled worker started
No pending emails to send.

Summary: processed 0, sent 0, failed 0, still pending 0
[2026-06-10 23:20:02] Scheduled worker finished
[2026-06-10 23:21:03] Scheduled worker started
No pending emails to send.

Summary: processed 0, sent 0, failed 0, still pending 0
[2026-06-10 23:21:03] Scheduled worker finished
[2026-06-10 23:22:03] Scheduled worker started
No pending emails to send.

Summary: processed 0, sent 0, failed 0, still pending 0
[2026-06-10 23:22:03] Scheduled worker finished
[2026-06-10 23:23:03] Scheduled worker started
No pending emails to send.

Summary: processed 0, sent 0, failed 0, still pending 0
[2026-06-10 23:23:03] Scheduled worker finished
[2026-06-10 23:24:03] Scheduled worker started
No pending emails to send.

Summary: processed 0, sent 0, failed 0, still pending 0
[2026-06-10 23:24:03] Scheduled worker finished
Sent: jirawut120300@gmail.com

Summary: processed 1, sent 1, failed 0, still pending 0
[2026-06-10 23:25:03] Scheduled worker started
No pending emails to send.

Summary: processed 0, sent 0, failed 0, still pending 0
[2026-06-10 23:25:03] Scheduled worker finished
[2026-06-10 23:26:03] Scheduled worker started
No pending emails to send.

Summary: processed 0, sent 0, failed 0, still pending 0
[2026-06-10 23:26:03] Scheduled worker finished
[2026-06-10 23:27:03] Scheduled worker started
No pending emails to send.

Summary: processed 0, sent 0, failed 0, still pending 0
[2026-06-10 23:27:03] Scheduled worker finished
[2026-06-10 23:28:03] Scheduled worker started
No pending emails to send.

Summary: processed 0, sent 0, failed 0, still pending 0
[2026-06-10 23:28:03] Scheduled worker finished
[2026-06-10 23:29:03] Scheduled worker started
No pending emails to send.

Summary: processed 0, sent 0, failed 0, still pending 0
[2026-06-10 23:29:03] Scheduled worker finished
[2026-06-10 23:30:03] Scheduled worker started
No pending emails to send.

Summary: processed 0, sent 0, failed 0, still pending 0
[2026-06-10 23:30:03] Scheduled worker finished
[2026-06-10 23:31:07] Scheduled worker started
No pending emails to send.

Summary: processed 0, sent 0, failed 0, still pending 0
[2026-06-10 23:31:07] Scheduled worker finished
[2026-06-10 23:32:03] Scheduled worker started
No pending emails to send.

Summary: processed 0, sent 0, failed 0, still pending 0
[2026-06-10 23:32:03] Scheduled worker finished
[2026-06-10 23:33:03] Scheduled worker started
No pending emails to send.

Summary: processed 0, sent 0, failed 0, still pending 0
[2026-06-10 23:33:03] Scheduled worker finished
[2026-06-10 23:34:03] Scheduled worker started
No pending emails to send.

Summary: processed 0, sent 0, failed 0, still pending 0
[2026-06-10 23:34:03] Scheduled worker finished
[2026-06-10 23:35:03] Scheduled worker started
No pending emails to send.

Summary: processed 0, sent 0, failed 0, still pending 0
[2026-06-10 23:35:03] Scheduled worker finished
[2026-06-10 23:36:03] Scheduled worker started
No pending emails to send.

Summary: processed 0, sent 0, failed 0, still pending 0
[2026-06-10 23:36:03] Scheduled worker finished
[2026-06-10 23:37:03] Scheduled worker started
No pending emails to send.

Summary: processed 0, sent 0, failed 0, still pending 0
[2026-06-10 23:37:03] Scheduled worker finished
[2026-06-10 23:38:03] Scheduled worker started
No pending emails to send.

Summary: processed 0, sent 0, failed 0, still pending 0
[2026-06-10 23:38:03] Scheduled worker finished
[2026-06-10 23:39:03] Scheduled worker started
No pending emails to send.

Summary: processed 0, sent 0, failed 0, still pending 0
[2026-06-10 23:39:03] Scheduled worker finished
[2026-06-10 23:40:03] Scheduled worker started
No pending emails to send.

Summary: processed 0, sent 0, failed 0, still pending 0
[2026-06-10 23:40:03] Scheduled worker finished
Sent: jirawut120300@gmail.com

Summary: processed 1, sent 1, failed 0, still pending 0
Sent: jirawut120300@gmail.com

Summary: processed 1, sent 1, failed 0, still pending 0
[2026-06-10 23:42:02] Scheduled worker started
No pending emails to send.

Summary: processed 0, sent 0, failed 0, still pending 0
[2026-06-10 23:42:02] Scheduled worker finished
[2026-06-10 23:43:03] Scheduled worker started
No pending emails to send.

Summary: processed 0, sent 0, failed 0, still pending 0
[2026-06-10 23:43:03] Scheduled worker finished
[2026-06-10 23:44:03] Scheduled worker started
No pending emails to send.

Summary: processed 0, sent 0, failed 0, still pending 0
[2026-06-10 23:44:03] Scheduled worker finished
[2026-06-10 23:45:03] Scheduled worker started
No pending emails to send.

Summary: processed 0, sent 0, failed 0, still pending 0
[2026-06-10 23:45:03] Scheduled worker finished
[2026-06-10 23:46:04] Scheduled worker started
No pending emails to send.

Summary: processed 0, sent 0, failed 0, still pending 0
[2026-06-10 23:46:04] Scheduled worker finished
[2026-06-10 23:47:03] Scheduled worker started
No pending emails to send.

Summary: processed 0, sent 0, failed 0, still pending 0
[2026-06-10 23:47:03] Scheduled worker finished
[2026-06-10 23:48:03] Scheduled worker started
No pending emails to send.

Summary: processed 0, sent 0, failed 0, still pending 0
[2026-06-10 23:48:03] Scheduled worker finished
[2026-06-10 23:49:03] Scheduled worker started
No pending emails to send.

Summary: processed 0, sent 0, failed 0, still pending 0
[2026-06-10 23:49:03] Scheduled worker finished
[2026-06-10 23:50:03] Scheduled worker started
No pending emails to send.

Summary: processed 0, sent 0, failed 0, still pending 0
[2026-06-10 23:50:03] Scheduled worker finished
[2026-06-10 23:51:03] Scheduled worker started
No pending emails to send.

Summary: processed 0, sent 0, failed 0, still pending 0
[2026-06-10 23:51:03] Scheduled worker finished
[2026-06-10 23:52:03] Scheduled worker started
No pending emails to send.

Summary: processed 0, sent 0, failed 0, still pending 0
[2026-06-10 23:52:03] Scheduled worker finished
[2026-06-10 23:53:03] Scheduled worker started
No pending emails to send.

Summary: processed 0, sent 0, failed 0, still pending 0
[2026-06-10 23:53:03] Scheduled worker finished
[2026-06-10 23:54:03] Scheduled worker started
No pending emails to send.

Summary: processed 0, sent 0, failed 0, still pending 0
[2026-06-10 23:54:03] Scheduled worker finished
[2026-06-10 23:55:03] Scheduled worker started
No pending emails to send.

Summary: processed 0, sent 0, failed 0, still pending 0
[2026-06-10 23:55:03] Scheduled worker finished
[2026-06-10 23:56:02] Scheduled worker started
No pending emails to send.

Summary: processed 0, sent 0, failed 0, still pending 0
[2026-06-10 23:56:02] Scheduled worker finished
[2026-06-10 23:57:02] Scheduled worker started
No pending emails to send.

Summary: processed 0, sent 0, failed 0, still pending 0
[2026-06-10 23:57:02] Scheduled worker finished
Sent: jirawut120300@gmail.com

Summary: processed 1, sent 1, failed 0, still pending 0
Sent: jirawut.ru@gmail.com

Summary: processed 1, sent 1, failed 0, still pending 0
Sent: jirawut.ru@gmail.com

Summary: processed 1, sent 1, failed 0, still pending 0
Sent: jirawut120300@gmail.com

Summary: processed 1, sent 1, failed 0, still pending 0
Sent: jirawut.ru@gmail.com

Summary: processed 1, sent 1, failed 0, still pending 0
Sent: jirawut.ru@gmail.com

Summary: processed 1, sent 1, failed 0, still pending 0
Sent: jirawut120300@gmail.com

Summary: processed 1, sent 1, failed 0, still pending 0
Sent: jirawut120300@gmail.com

Summary: processed 1, sent 1, failed 0, still pending 0
Sent: jirawut.ru@gmail.com

Summary: processed 1, sent 1, failed 0, still pending 0
Sent: jirawut.ru@gmail.com

Summary: processed 1, sent 1, failed 0, still pending 0
Sent: jirawut.ru@gmail.com

Summary: processed 1, sent 1, failed 0, still pending 0
Sent: jirawut.ru@gmail.com

Summary: processed 1, sent 1, failed 0, still pending 0
Sent: jirawut.ru@gmail.com

Summary: processed 1, sent 1, failed 0, still pending 0
Sent: jirawut.ru@gmail.com

Summary: processed 1, sent 1, failed 0, still pending 0
Sent: jirawut.ru@gmail.com

Summary: processed 1, sent 1, failed 0, still pending 0
Sent: jirawut.ru@gmail.com

Summary: processed 1, sent 1, failed 0, still pending 0
Sent: jirawut.ru@gmail.com

Summary: processed 1, sent 1, failed 0, still pending 0
Sent: jirawut.ru@gmail.com

Summary: processed 1, sent 1, failed 0, still pending 0
Sent: jirawut.ru@gmail.com

Summary: processed 1, sent 1, failed 0, still pending 0
Sent: jirawut.ru@gmail.com

Summary: processed 1, sent 1, failed 0, still pending 0
Sent: jirawut.ru@gmail.com

Summary: processed 1, sent 1, failed 0, still pending 0
Sent: jirawut.ru@gmail.com

Summary: processed 1, sent 1, failed 0, still pending 0
Sent: jirawut.ru@gmail.com

Summary: processed 1, sent 1, failed 0, still pending 0
Sent: jirawut.ru@gmail.com

Summary: processed 1, sent 1, failed 0, still pending 0
Sent: jirawut120300@gmail.com

Summary: processed 1, sent 1, failed 0, still pending 0
Sent: jirawut120300@gmail.com

Summary: processed 1, sent 1, failed 0, still pending 0
Sent: jirawut120300@gmail.com

Summary: processed 1, sent 1, failed 0, still pending 0
Sent: jirawut.ru@gmail.com
Sent: jirawut.ru@gmail.com

Summary: processed 2, sent 2, failed 0, still pending 0
Sent: jirawut120300@gmail.com

Summary: processed 1, sent 1, failed 0, still pending 0
Sent: jirawut.ru@gmail.com

Summary: processed 1, sent 1, failed 0, still pending 0
Sent: jirawut.ru@gmail.com

Summary: processed 1, sent 1, failed 0, still pending 0
Sent: jirawut.ru@gmail.com

Summary: processed 1, sent 1, failed 0, still pending 0
Sent: jirawut.ru@gmail.com

Summary: processed 1, sent 1, failed 0, still pending 0
Sent: jirawut.ru@gmail.com

Summary: processed 1, sent 1, failed 0, still pending 0
Sent: jirawut.ru@gmail.com

Summary: processed 1, sent 1, failed 0, still pending 0
Sent: jirawut.ru@gmail.com

Summary: processed 1, sent 1, failed 0, still pending 0
Sent: jirawut.ru@gmail.com

Summary: processed 1, sent 1, failed 0, still pending 0
Sent: jirawut.ru@gmail.com

Summary: processed 1, sent 1, failed 0, still pending 0
Sent: jirawut.ru@gmail.com

Summary: processed 1, sent 1, failed 0, still pending 0
Sent: jirawut120300@gmail.com

Summary: processed 1, sent 1, failed 0, still pending 0
Sent: jirawut120300@gmail.com

Summary: processed 1, sent 1, failed 0, still pending 0
Sent: jirawut120300@gmail.com

Summary: processed 1, sent 1, failed 0, still pending 0
Sent: jirawut120300@gmail.com

Summary: processed 1, sent 1, failed 0, still pending 0
Sent: jirawut120300@gmail.com

Summary: processed 1, sent 1, failed 0, still pending 0
Sent: jirawut120300@gmail.com

Summary: processed 1, sent 1, failed 0, still pending 0
Sent: jirawut120300@gmail.com

Summary: processed 1, sent 1, failed 0, still pending 0
Sent: jirawut120300@gmail.com

Summary: processed 1, sent 1, failed 0, still pending 0
Sent: jirawut120300@gmail.com

Summary: processed 1, sent 1, failed 0, still pending 0
Sent: jirawut120300@gmail.com

Summary: processed 1, sent 1, failed 0, still pending 0
Sent: jirawut120300@gmail.com

Summary: processed 1, sent 1, failed 0, still pending 0
Sent: jirawut120300@gmail.com

Summary: processed 1, sent 1, failed 0, still pending 0
Sent: jirawut120300@gmail.com

Summary: processed 1, sent 1, failed 0, still pending 0
Sent: jirawut120300@gmail.com

Summary: processed 1, sent 1, failed 0, still pending 0
Sent: jirawut120300@gmail.com

Summary: processed 1, sent 1, failed 0, still pending 0
Sent: jirawut120300@gmail.com

Summary: processed 1, sent 1, failed 0, still pending 0
Sent: jirawut120300@gmail.com

Summary: processed 1, sent 1, failed 0, still pending 0
Sent: jirawut120300@gmail.com

Summary: processed 1, sent 1, failed 0, still pending 0
Sent: jirawut001@gmail.com

Summary: processed 1, sent 1, failed 0, still pending 0
Sent: jirawut002@gmail.com

Summary: processed 1, sent 1, failed 0, still pending 0
Sent: jirawutfghj@gmail.com

Summary: processed 1, sent 1, failed 0, still pending 0
Sent: jirawut.ru@gmail.com

Summary: processed 1, sent 1, failed 0, still pending 0
Sent: jirawut.ru@gmail.com

Summary: processed 1, sent 1, failed 0, still pending 0
Sent: jirawut.ru@gmail.com

Summary: processed 1, sent 1, failed 0, still pending 0
Sent: jirawut001@gmail.com

Summary: processed 1, sent 1, failed 0, still pending 0
Sent: dfghjkl@gmail.com

Summary: processed 1, sent 1, failed 0, still pending 0
Sent: jirawut002@gmail.com

Summary: processed 1, sent 1, failed 0, still pending 0
Sent: dfghjkl@gmail.com

Summary: processed 1, sent 1, failed 0, still pending 0
Sent: dfghjkl@gmail.com

Summary: processed 1, sent 1, failed 0, still pending 0
Sent: dfghjkfuh9ewiofrgrgrfpewfrgi0h54fwc3el@gmail.com

Summary: processed 1, sent 1, failed 0, still pending 0
Sent: dfghjkfuh9ewiofrgrgrfpewfrgi0h54fwc3el@gmail.com

Summary: processed 1, sent 1, failed 0, still pending 0
Sent: jirawut.ru@gmail.com

Summary: processed 1, sent 1, failed 0, still pending 0
Sent: jirawut.ru@gmail.com

Summary: processed 1, sent 1, failed 0, still pending 0
Sent: jirawut.ru@gmail.com

Summary: processed 1, sent 1, failed 0, still pending 0
Sent: jirawut.ru@gmail.com

Summary: processed 1, sent 1, failed 0, still pending 0
Sent: jirawut.ru@gmail.com

Summary: processed 1, sent 1, failed 0, still pending 0
Sent: jirawut120300@gmail.com

Summary: processed 1, sent 1, failed 0, still pending 0
Sent: jirawut120300@gmail.com

Summary: processed 1, sent 1, failed 0, still pending 0
Sent: jirawut.ru@gmail.com

Summary: processed 1, sent 1, failed 0, still pending 0
Sent: jirawut.ru@gmail.com

Summary: processed 1, sent 1, failed 0, still pending 0
Sent: jirawut.ru@gmail.com

Summary: processed 1, sent 1, failed 0, still pending 0
Sent: jirawut.ru@gmail.com

Summary: processed 1, sent 1, failed 0, still pending 0
Sent: jirawut.ru@gmail.com

Summary: processed 1, sent 1, failed 0, still pending 0
Failed: jirawut120300@gmal.com: Email domain does not exist or has no mail server (DNS lookup failed for: gmal.com)
Failed: jirawut120300@gmal.com: Email domain does not exist or has no mail server (DNS lookup failed for: gmal.com)

Summary: processed 2, sent 0, failed 2, still pending 0
Sent: jirawut120300@gmail.com

Summary: processed 1, sent 1, failed 0, still pending 0
Sent: jirawut120300@gmail.com

Summary: processed 1, sent 1, failed 0, still pending 0
Sent: jirawut120300@gmail.com

Summary: processed 1, sent 1, failed 0, still pending 0
Sent: jirawut120300@gmail.com

Summary: processed 1, sent 1, failed 0, still pending 0
Sent: jirawut120300@gmail.com

Summary: processed 1, sent 1, failed 0, still pending 0
Sent: jirawut120300@gmail.com

Summary: processed 1, sent 1, failed 0, still pending 0
Sent: jirawut120300@gmail.com

Summary: processed 1, sent 1, failed 0, still pending 0
Failed: jirawut120300@gmail.com: SMTP Error: data not accepted.

Summary: processed 1, sent 0, failed 0, still pending 1
Sent: jirawut120300@gmail.com

Summary: processed 1, sent 1, failed 0, still pending 0
Sent: jirawut120300@gmail.com

Summary: processed 1, sent 1, failed 0, still pending 0
Sent: jirawut120300@gmail.com

Summary: processed 1, sent 1, failed 0, still pending 0
Sent: jirawut120300@gmail.com

Summary: processed 1, sent 1, failed 0, still pending 0
Sent: jirawut120300@gmail.com

Summary: processed 1, sent 1, failed 0, still pending 0
Sent: jirawut120300@gmail.com

Summary: processed 1, sent 1, failed 0, still pending 0
Sent: jirawut120300@gmail.com

Summary: processed 1, sent 1, failed 0, still pending 0
Sent: jirawut120300@gmail.com

Summary: processed 1, sent 1, failed 0, still pending 0
Sent: jirawut120300@gmail.com

Summary: processed 1, sent 1, failed 0, still pending 0
Sent: jirawut120300@gmail.com

Summary: processed 1, sent 1, failed 0, still pending 0
Sent: jirawut120300@gmail.com

Summary: processed 1, sent 1, failed 0, still pending 0
Sent: jirawut120300@gmail.com

Summary: processed 1, sent 1, failed 0, still pending 0
Sent: jirawut120300@gmail.com

Summary: processed 1, sent 1, failed 0, still pending 0
Sent: jirawut120300@gmail.com

Summary: processed 1, sent 1, failed 0, still pending 0
Sent: jirawut120300@gmail.com

Summary: processed 1, sent 1, failed 0, still pending 0
Sent: jirawut120300@gmail.com

Summary: processed 1, sent 1, failed 0, still pending 0
Sent: jirawut120300@gmail.com

Summary: processed 1, sent 1, failed 0, still pending 0
Sent: jirawut120300@gmail.com

Summary: processed 1, sent 1, failed 0, still pending 0
Sent: jirawut120300@gmail.com

Summary: processed 1, sent 1, failed 0, still pending 0
Sent: jirawut120300@gmail.com

Summary: processed 1, sent 1, failed 0, still pending 0
Sent: jirawut120300@gmail.com

Summary: processed 1, sent 1, failed 0, still pending 0
Sent: jirawut120300@gmail.com

Summary: processed 1, sent 1, failed 0, still pending 0
Sent: jirawut120300@gmail.com

Summary: processed 1, sent 1, failed 0, still pending 0
Sent: jirawut120300@gmail.com

Summary: processed 1, sent 1, failed 0, still pending 0
Sent: jirawut120300@gmail.com

Summary: processed 1, sent 1, failed 0, still pending 0
Sent: jirawut120300@gmail.com

Summary: processed 1, sent 1, failed 0, still pending 0
Sent: jirawut120300@gmail.com

Summary: processed 1, sent 1, failed 0, still pending 0
Sent: jirawut120300@gmail.com

Summary: processed 1, sent 1, failed 0, still pending 0
Sent: jirawut120300@gmail.com

Summary: processed 1, sent 1, failed 0, still pending 0
Sent: jirawut120300@gmail.com

Summary: processed 1, sent 1, failed 0, still pending 0
Sent: jirawut120300@gmail.com

Summary: processed 1, sent 1, failed 0, still pending 0
Sent: jirawut120300@gmail.com

Summary: processed 1, sent 1, failed 0, still pending 0
Sent: jirawut120300@gmail.com

Summary: processed 1, sent 1, failed 0, still pending 0
Failed: jirawut120300@gmail.com: SMTP Error: Could not authenticate.

Summary: processed 1, sent 0, failed 0, still pending 1
Sent: jirawut120300@gmail.com
Sent: jirawut120300@gmail.com

Summary: processed 2, sent 2, failed 0, still pending 0
Sent: jirawut120300@gmail.com
Sent: jirawut120300@gmail.com

Summary: processed 2, sent 2, failed 0, still pending 0
Sent: jirawut.ru@gmail.com

Summary: processed 1, sent 1, failed 0, still pending 0
Failed: jirawut.ru@gmail.com: SMTP Error: Could not authenticate.

Summary: processed 1, sent 0, failed 0, still pending 1
Sent: jirawut.ru@gmail.com

Summary: processed 1, sent 1, failed 0, still pending 0
Sent: jirawut.ru@gmail.com

Summary: processed 1, sent 1, failed 0, still pending 0
Sent: jirawut.ru@gmail.com

Summary: processed 1, sent 1, failed 0, still pending 0
Sent: jirawut120300@gmail.com

Summary: processed 1, sent 1, failed 0, still pending 0
Sent: jirawut120300@gmail.com

Summary: processed 1, sent 1, failed 0, still pending 0
Sent: jirawut120300@gmail.com

Summary: processed 1, sent 1, failed 0, still pending 0
Sent: jirawut120300@gmail.com

Summary: processed 1, sent 1, failed 0, still pending 0
Sent: jirawut120300@gmail.com

Summary: processed 1, sent 1, failed 0, still pending 0
Sent: jirawut120300@gmail.com

Summary: processed 1, sent 1, failed 0, still pending 0
Sent: jirawut120300@gmail.com

Summary: processed 1, sent 1, failed 0, still pending 0
Sent: jirawut120300@gmail.com

Summary: processed 1, sent 1, failed 0, still pending 0
Sent: jirawut120300@gmail.com

Summary: processed 1, sent 1, failed 0, still pending 0
Sent: jirawut120300@gmail.com

Summary: processed 1, sent 1, failed 0, still pending 0
Sent: jirawut120300@gmail.com
Sent: jirawut120300@gmail.com

Summary: processed 2, sent 2, failed 0, still pending 0
Sent: jirawut120300@gmail.com
Sent: jirawut.ru@gmail.com

Summary: processed 2, sent 2, failed 0, still pending 0
Sent: jirawut120300@gmail.com

Summary: processed 1, sent 1, failed 0, still pending 0
Sent: jirawut120300@gmail.com

Summary: processed 1, sent 1, failed 0, still pending 0
Failed: jirawut120300@gmail.com: SMTP Error: data not accepted.

Summary: processed 1, sent 0, failed 0, still pending 1
Sent: jirawut120300@gmail.com

Summary: processed 1, sent 1, failed 0, still pending 0
Sent: jirawut120300@gmail.com

Summary: processed 1, sent 1, failed 0, still pending 0
Sent: jirawut120300@gmail.com

Summary: processed 1, sent 1, failed 0, still pending 0
Sent: jirawut120300@gmail.com

Summary: processed 1, sent 1, failed 0, still pending 0
Sent: jirawut120300@gmail.com

Summary: processed 1, sent 1, failed 0, still pending 0
Sent: jirawut120300@gmail.com
Sent: jirawut120300@gmail.com

Summary: processed 2, sent 2, failed 0, still pending 0
Sent: jirawut120300@gmail.com

Summary: processed 1, sent 1, failed 0, still pending 0
Sent: jirawut120300@gmail.com

Summary: processed 1, sent 1, failed 0, still pending 0
Failed: jirawut120300@gmail.com: Email domain does not exist or has no mail server (DNS lookup failed for: gmail.com)

Summary: processed 1, sent 0, failed 1, still pending 0
Failed: jirawut120300@gmail.com: Email domain does not exist or has no mail server (DNS lookup failed for: gmail.com)

Summary: processed 1, sent 0, failed 1, still pending 0
Sent: jirawut.ru@gmail.com

Summary: processed 1, sent 1, failed 0, still pending 0
Sent: jirawut.ru@gmail.com

Summary: processed 1, sent 1, failed 0, still pending 0
Sent: jirawut.ru@gmail.com

Summary: processed 1, sent 1, failed 0, still pending 0
Sent: jirawut.ru@gmail.com

Summary: processed 1, sent 1, failed 0, still pending 0
Sent: jirawut.ru@gmail.com

Summary: processed 1, sent 1, failed 0, still pending 0
Sent: jirawut.ru@gmail.com

Summary: processed 1, sent 1, failed 0, still pending 0
Sent: jirawut.ru@gmail.com

Summary: processed 1, sent 1, failed 0, still pending 0
Sent: jirawut.ru@gmail.com

Summary: processed 1, sent 1, failed 0, still pending 0
Sent: jirawut.ru@gmail.com

Summary: processed 1, sent 1, failed 0, still pending 0
Sent: jirawut.ru@gmail.com

Summary: processed 1, sent 1, failed 0, still pending 0
Sent: jirawut.ru@gmail.com

Summary: processed 1, sent 1, failed 0, still pending 0
Sent: jirawut.ru@gmail.com

Summary: processed 1, sent 1, failed 0, still pending 0
Sent: jirawut.ru@gmail.com

Summary: processed 1, sent 1, failed 0, still pending 0
Sent: jirawut.ru@gmail.com

Summary: processed 1, sent 1, failed 0, still pending 0
Sent: jirawut.ru@gmail.com

Summary: processed 1, sent 1, failed 0, still pending 0
Sent: jirawut.ru@gmail.com

Summary: processed 1, sent 1, failed 0, still pending 0
Sent: jirawut.ru@gmail.com

Summary: processed 1, sent 1, failed 0, still pending 0
Sent: jirawut.ru@gmail.com

Summary: processed 1, sent 1, failed 0, still pending 0
Sent: jirawut.ru@gmail.com

Summary: processed 1, sent 1, failed 0, still pending 0
Sent: jirawut.ru@gmail.com

Summary: processed 1, sent 1, failed 0, still pending 0
Sent: jirawut.ru@gmail.com

Summary: processed 1, sent 1, failed 0, still pending 0
Sent: jirawut.ru@gmail.com

Summary: processed 1, sent 1, failed 0, still pending 0
Sent: jirawut.ru@gmail.com

Summary: processed 1, sent 1, failed 0, still pending 0
Sent: jirawut.ru@gmail.com

Summary: processed 1, sent 1, failed 0, still pending 0
Sent: jirawut.ru@gmail.com

Summary: processed 1, sent 1, failed 0, still pending 0
Sent: jirawut.ru@gmail.com

Summary: processed 1, sent 1, failed 0, still pending 0
Sent: jirawut.ru@gmail.com

Summary: processed 1, sent 1, failed 0, still pending 0
Sent: jirawut.ru@gmail.com

Summary: processed 1, sent 1, failed 0, still pending 0
Sent: jirawut.ru@gmail.com

Summary: processed 1, sent 1, failed 0, still pending 0
Failed: SMTP is not configured.

Summary: processed 1, sent 0, failed 0, still pending 1
Failed: SMTP is not configured.

Summary: processed 2, sent 0, failed 0, still pending 2
Failed: SMTP is not configured.

Summary: processed 3, sent 0, failed 1, still pending 2
Failed: SMTP is not configured.

Summary: processed 3, sent 0, failed 1, still pending 2
Failed: SMTP is not configured.

Summary: processed 3, sent 0, failed 1, still pending 2
Failed: SMTP is not configured.

Summary: processed 3, sent 0, failed 1, still pending 2
Failed: SMTP is not configured.

Summary: processed 1, sent 0, failed 0, still pending 1
Failed: SMTP is not configured.

Summary: processed 2, sent 0, failed 0, still pending 2
Failed: SMTP is not configured.

Summary: processed 1, sent 0, failed 0, still pending 1
Sent: jirawut120300@gmail.com
Sent: jirawut120300@gmail.com

Summary: processed 2, sent 2, failed 0, still pending 0
Sent: jirawut120300@gmail.com

Summary: processed 1, sent 1, failed 0, still pending 0
Sent: jirawut120300@gmail.com

Summary: processed 1, sent 1, failed 0, still pending 0
Sent: jirawut120300@gmail.com

Summary: processed 1, sent 1, failed 0, still pending 0
Sent: jirawut120300@gmail.com

Summary: processed 1, sent 1, failed 0, still pending 0
Sent: jirawut120300@gmail.com

Summary: processed 1, sent 1, failed 0, still pending 0
Sent: jirawut120300@gmail.com
Sent: jirawut120300@gmail.com

Summary: processed 2, sent 2, failed 0, still pending 0
Sent: jirawut120300@gmail.com

Summary: processed 1, sent 1, failed 0, still pending 0
Sent: jirawut120300@gmail.com

Summary: processed 1, sent 1, failed 0, still pending 0
Sent: jirawut120300@gmail.com
Sent: jirawut120300@gmail.com

Summary: processed 2, sent 2, failed 0, still pending 0
Sent: jirawut120300@gmail.com

Summary: processed 1, sent 1, failed 0, still pending 0
Sent: jirawut120300@gmail.com

Summary: processed 1, sent 1, failed 0, still pending 0
Sent: jirawut120300@gmail.com

Summary: processed 1, sent 1, failed 0, still pending 0
Sent: jirawut120300@gmail.com

Summary: processed 1, sent 1, failed 0, still pending 0
Sent: jirawut120300@gmail.com

Summary: processed 1, sent 1, failed 0, still pending 0
Sent: jirawut120300@gmail.com

Summary: processed 1, sent 1, failed 0, still pending 0
Sent: jirawut120300@gmail.com

Summary: processed 1, sent 1, failed 0, still pending 0
Sent: jirawut120300@gmail.com

Summary: processed 1, sent 1, failed 0, still pending 0
Sent: jirawut120300@gmail.com

Summary: processed 1, sent 1, failed 0, still pending 0
Sent: jirawut120300@gmail.com

Summary: processed 1, sent 1, failed 0, still pending 0
Sent: jirawut120300@gmail.com

Summary: processed 1, sent 1, failed 0, still pending 0
Sent: jirawut120300@gmail.com

Summary: processed 1, sent 1, failed 0, still pending 0
Sent: jirawut120300@gmail.com

Summary: processed 1, sent 1, failed 0, still pending 0
Sent: jirawut120300@gmail.com

Summary: processed 1, sent 1, failed 0, still pending 0
Sent: jirawut120300@gmail.com

Summary: processed 1, sent 1, failed 0, still pending 0
Sent: jirawut120300@gmail.com

Summary: processed 1, sent 1, failed 0, still pending 0
Sent: jirawut120300@gmail.com

Summary: processed 1, sent 1, failed 0, still pending 0
Sent: jirawut120300@gmail.com

Summary: processed 1, sent 1, failed 0, still pending 0
Sent: jirawut120300@gmail.com

Summary: processed 1, sent 1, failed 0, still pending 0
Sent: jirawut120300@gmail.com
Sent: jirawut120300@gmail.com

Summary: processed 2, sent 2, failed 0, still pending 0
Sent: jirawut120300@gmail.com

Summary: processed 1, sent 1, failed 0, still pending 0
Sent: jirawut120300@gmail.com

Summary: processed 1, sent 1, failed 0, still pending 0
Sent: jirawut120300@gmail.com

Summary: processed 1, sent 1, failed 0, still pending 0
Sent: jirawut120300@gmail.com

Summary: processed 1, sent 1, failed 0, still pending 0
Sent: jirawut120300@gmail.com

Summary: processed 1, sent 1, failed 0, still pending 0
Sent: jirawut120300@gmail.com

Summary: processed 1, sent 1, failed 0, still pending 0
Sent: jirawut120300@gmail.com

Summary: processed 1, sent 1, failed 0, still pending 0
Sent: jirawut120300@gmail.com

Summary: processed 1, sent 1, failed 0, still pending 0
Sent: jirawut120300@gmail.com

Summary: processed 1, sent 1, failed 0, still pending 0
Sent: jirawut120300@gmail.com

Summary: processed 1, sent 1, failed 0, still pending 0
Sent: jirawut120300@gmail.com

Summary: processed 1, sent 1, failed 0, still pending 0
Sent: jirawut120300@gmail.com

Summary: processed 1, sent 1, failed 0, still pending 0
Sent: jirawut120300@gmail.com

Summary: processed 1, sent 1, failed 0, still pending 0
Sent: jirawut120300@gmail.com

Summary: processed 1, sent 1, failed 0, still pending 0
Sent: jirawut120300@gmail.com

Summary: processed 1, sent 1, failed 0, still pending 0
Sent: jirawut120300@gmail.com

Summary: processed 1, sent 1, failed 0, still pending 0
Sent: jirawut120300@gmail.com

Summary: processed 1, sent 1, failed 0, still pending 0
Sent: jirawut120300@gmail.com

Summary: processed 1, sent 1, failed 0, still pending 0
Sent: jirawut120300@gmail.com

Summary: processed 1, sent 1, failed 0, still pending 0
Sent: jirawut120300@gmail.com

Summary: processed 1, sent 1, failed 0, still pending 0
Sent: jirawut120300@gmail.com

Summary: processed 1, sent 1, failed 0, still pending 0
Sent: jirawut120300@gmail.com

Summary: processed 1, sent 1, failed 0, still pending 0
Sent: jirawut120300@gmail.com

Summary: processed 1, sent 1, failed 0, still pending 0
Sent: jirawut120300@gmail.com

Summary: processed 1, sent 1, failed 0, still pending 0
Sent: jirawut120300@gmail.com

Summary: processed 1, sent 1, failed 0, still pending 0
Sent: jirawut120300@gmail.com

Summary: processed 1, sent 1, failed 0, still pending 0
Sent: jirawut120300@gmail.com

Summary: processed 1, sent 1, failed 0, still pending 0
Sent: jirawut120300@gmail.com
Sent: jirawut120300@gmail.com

Summary: processed 2, sent 2, failed 0, still pending 0
Sent: jirawut120300@gmail.com
Sent: jirawut120300@gmail.com

Summary: processed 2, sent 2, failed 0, still pending 0
Sent: jirawut120300@gmail.com

Summary: processed 1, sent 1, failed 0, still pending 0
Sent: jirawut120300@gmail.com

Summary: processed 1, sent 1, failed 0, still pending 0
Sent: jirawut120300@gmail.com

Summary: processed 1, sent 1, failed 0, still pending 0
Sent: jirawut120300@gmail.com

Summary: processed 1, sent 1, failed 0, still pending 0
Sent: jirawut120300@gmail.com

Summary: processed 1, sent 1, failed 0, still pending 0
Failed: repair0363@example.test: Email domain does not exist or has no mail server (DNS lookup failed for: example.test)

Summary: processed 1, sent 0, failed 1, still pending 0
Failed: daily0101@example.test: Email domain does not exist or has no mail server (DNS lookup failed for: example.test)

Summary: processed 1, sent 0, failed 1, still pending 0
Failed: daily0101@example.test: Email domain does not exist or has no mail server (DNS lookup failed for: example.test)

Summary: processed 1, sent 0, failed 1, still pending 0
Failed: daily0101@example.test: Email domain does not exist or has no mail server (DNS lookup failed for: example.test)

Summary: processed 1, sent 0, failed 1, still pending 0
Failed: daily0101@example.test: Email domain does not exist or has no mail server (DNS lookup failed for: example.test)

Summary: processed 1, sent 0, failed 1, still pending 0
